// Jest Snapshot v1, https://goo.gl/fbAQLP

exports[`opt-out-ext.js browser.runtime.onMessage.addListener event listener message created from popup when new text format option configured, applies the correct class to tweets 1`] = `
<body>
  
          
  <div
    data-testid="tweet"
  >
    
            
    <h1>
      Oh ya!
    </h1>
    
          
  </div>
  
          
  <div
    class="processed-true"
    data-testid="tweet"
  >
    
            
    <h1>
      Oh ya!
    </h1>
    
          
  </div>
  
        
      
    
</body>
`;
